[    0.000000] Initializing cgroup subsys cpuset
[    0.000000] Initializing cgroup subsys cpu
[    0.000000] Initializing cgroup subsys cpuacct
[    0.000000] Linux version 4.4.0-134-generic (buildd@lgw01-amd64-033) (gcc version 5.4.0 20160609 (Ubuntu 5.4.0-6ubuntu1~16.04.10) ) #160-Ubuntu SMP Wed Aug 15 14:58:00 UTC 2018 (Ubuntu 4.4.0-134.160-generic 4.4.140)
[    0.000000] Command line: BOOT_IMAGE=/boot/vmlinuz-4.4.0-134-generic root=UUID=b69fcaa8-51c4-4097-b089-4973e52fd39b ro console=tty1 console=ttyS0
[    0.000000] KERNEL supported cpus:
[    0.000000]   Intel GenuineIntel
[    0.000000]   AMD AuthenticAMD
[    0.000000]   Centaur CentaurHauls
[    0.000000] x86/fpu: xstate_offset[2]:  576, xstate_sizes[2]:  256
[    0.000000] x86/fpu: Supporting XSAVE feature 0x01: 'x87 floating point registers'
[    0.000000] x86/fpu: Supporting XSAVE feature 0x02: 'SSE registers'
[    0.000000] x86/fpu: Supporting XSAVE feature 0x04: 'AVX registers'
[    0.000000] x86/fpu: Enabled xstate features 0x7, context size is 832 bytes, using 'standard' format.
[    0.000000] e820: BIOS-provided physical RAM map:
[    0.000000] BIOS-e820: [mem 0x0000000000000000-0x000000000009fbff] usable
[    0.000000] BIOS-e820: [mem 0x000000000009fc00-0x000000000009ffff] reserved
[    0.000000] BIOS-e820: [mem 0x00000000000f0000-0x00000000000fffff] reserved
[    0.000000] BIOS-e820: [mem 0x0000000000100000-0x000000007ffeffff] usable
[    0.000000] BIOS-e820: [mem 0x000000007fff0000-0x000000007fffffff] ACPI data
[    0.000000] BIOS-e820: [mem 0x00000000fec00000-0x00000000fec00fff] reserved
[    0.000000] BIOS-e820: [mem 0x00000000fee00000-0x00000000fee00fff] reserved
[    0.000000] BIOS-e820: [mem 0x00000000fffc0000-0x00000000ffffffff] reserved
[    0.000000] NX (Execute Disable) protection: active
[    0.000000] SMBIOS 2.5 present.
[    0.000000] Hypervisor detected: KVM
[    0.000000] e820: last_pfn = 0x7fff0 max_arch_pfn = 0x400000000
[    0.000000] MTRR: Disabled
[    0.000000] x86/PAT: MTRRs disabled, skipping PAT initialization too.
[    0.000000] CPU MTRRs all blank - virtualized system.
[    0.000000] x86/PAT: Configuration [0-7]: WB  WT  UC- UC  WB  WT  UC- UC  
[    0.000000] found SMP MP-table at [mem 0x0009fff0-0x0009ffff] mapped at [ffff88000009fff0]
[    0.000000] Scanning 1 areas for low memory corruption
[    0.000000] RAMDISK: [mem 0x361f0000-0x370effff]
[    0.000000] ACPI: Early table checksum verification disabled
[    0.000000] ACPI: RSDP 0x00000000000E0000 000024 (v02 VBOX  )
[    0.000000] ACPI: XSDT 0x000000007FFF0030 00003C (v01 VBOX   VBOXXSDT 00000001 ASL  00000061)
[    0.000000] ACPI: FACP 0x000000007FFF00F0 0000F4 (v04 VBOX   VBOXFACP 00000001 ASL  00000061)
[    0.000000] ACPI: DSDT 0x000000007FFF0470 0021FF (v02 VBOX   VBOXBIOS 00000002 INTL 20100528)
[    0.000000] ACPI: FACS 0x000000007FFF0200 000040
[    0.000000] ACPI: FACS 0x000000007FFF0200 000040
[    0.000000] ACPI: APIC 0x000000007FFF0240 000054 (v02 VBOX   VBOXAPIC 00000001 ASL  00000061)
[    0.000000] ACPI: SSDT 0x000000007FFF02A0 0001CC (v01 VBOX   VBOXCPUT 00000002 INTL 20100528)
[    0.000000] No NUMA configuration found
[    0.000000] Faking a node at [mem 0x0000000000000000-0x000000007ffeffff]
[    0.000000] NODE_DATA(0) allocated [mem 0x7ffeb000-0x7ffeffff]
[    0.000000] kvm-clock: Using msrs 4b564d01 and 4b564d00
[    0.000000] kvm-clock: cpu 0, msr 0:7ffe3001, primary cpu clock
[    0.000000] kvm-clock: using sched offset of 4021646294 cycles
[    0.000000] clocksource: kvm-clock: mask: 0xffffffffffffffff max_cycles: 0x1cd42e4dffb, max_idle_ns: 881590591483 ns
[    0.000000] Zone ranges:
[    0.000000]   DMA      [mem 0x0000000000001000-0x0000000000ffffff]
[    0.000000]   DMA32    [mem 0x0000000001000000-0x000000007ffeffff]
[    0.000000]   Normal   empty
[    0.000000]   Device   empty
[    0.000000] Movable zone start for each node
[    0.000000] Early memory node ranges
[    0.000000]   node   0: [mem 0x0000000000001000-0x000000000009efff]
[    0.000000]   node   0: [mem 0x0000000000100000-0x000000007ffeffff]
[    0.000000] Initmem setup node 0 [mem 0x0000000000001000-0x000000007ffeffff]
[    0.000000] ACPI: PM-Timer IO Port: 0x4008
[    0.000000] IOAPIC[0]: apic_id 1, version 32, address 0xfec00000, GSI 0-23
[    0.000000] ACPI: INT_SRC_OVR (bus 0 bus_irq 0 global_irq 2 dfl dfl)
[    0.000000] ACPI: INT_SRC_OVR (bus 0 bus_irq 9 global_irq 9 low level)
[    0.000000] Using ACPI (MADT) for SMP configuration information
[    0.000000] smpboot: Allowing 1 CPUs, 0 hotplug CPUs
[    0.000000] PM: Registered nosave memory: [mem 0x00000000-0x00000fff]
[    0.000000] PM: Registered nosave memory: [mem 0x0009f000-0x0009ffff]
[    0.000000] PM: Registered nosave memory: [mem 0x000a0000-0x000effff]
[    0.000000] PM: Registered nosave memory: [mem 0x000f0000-0x000fffff]
[    0.000000] e820: [mem 0x80000000-0xfebfffff] available for PCI devices
[    0.000000] Booting paravirtualized kernel on KVM
[    0.000000] clocksource: refined-jiffies: mask: 0xffffffff max_cycles: 0xffffffff, max_idle_ns: 7645519600211568 ns
[    0.000000] setup_percpu: NR_CPUS:512 nr_cpumask_bits:512 nr_cpu_ids:1 nr_node_ids:1
[    0.000000] PERCPU: Embedded 34 pages/cpu @ffff88007fc00000 s99544 r8192 d31528 u2097152
[    0.000000] PV qspinlock hash table entries: 256 (order: 0, 4096 bytes)
[    0.000000] Built 1 zonelists in Node order, mobility grouping on.  Total pages: 515960
[    0.000000] Policy zone: DMA32
[    0.000000] Kernel command line: BOOT_IMAGE=/boot/vmlinuz-4.4.0-134-generic root=UUID=b69fcaa8-51c4-4097-b089-4973e52fd39b ro console=tty1 console=ttyS0
[    0.000000] PID hash table entries: 4096 (order: 3, 32768 bytes)
[    0.000000] Memory: 2029484K/2096696K available (8554K kernel code, 1314K rwdata, 4004K rodata, 1516K init, 1316K bss, 67212K reserved, 0K cma-reserved)
[    0.000000] SLUB: HWalign=64, Order=0-3, MinObjects=0, CPUs=1, Nodes=1
[    0.000000] Kernel/User page tables isolation: enabled
[    0.000000] Hierarchical RCU implementation.
[    0.000000] 	Build-time adjustment of leaf fanout to 64.
[    0.000000] 	RCU restricting CPUs from NR_CPUS=512 to nr_cpu_ids=1.
[    0.000000] RCU: Adjusting geometry for rcu_fanout_leaf=64, nr_cpu_ids=1
[    0.000000] NR_IRQS:33024 nr_irqs:256 16
[    0.000000] Console: colour VGA+ 80x25
[    0.000000] console [tty1] enabled
[    0.000000] console [ttyS0] enabled
[    0.000000] tsc: Detected 2903.998 MHz processor
[    1.446477] Calibrating delay loop (skipped) preset value.. 5807.99 BogoMIPS (lpj=11615992)
[    1.463665] pid_max: default: 32768 minimum: 301
[    1.464362] ACPI: Core revision 20150930
[    1.465768] ACPI: 2 ACPI AML tables successfully acquired and loaded
[    1.466765] Security Framework initialized
[    1.467404] Yama: becoming mindful.
[    1.467977] AppArmor: AppArmor initialized
[    1.469347] Dentry cache hash table entries: 262144 (order: 9, 2097152 bytes)
[    1.470586] Inode-cache hash table entries: 131072 (order: 8, 1048576 bytes)
[    1.474732] Mount-cache hash table entries: 4096 (order: 3, 32768 bytes)
[    1.477792] Mountpoint-cache hash table entries: 4096 (order: 3, 32768 bytes)
[    1.478873] Initializing cgroup subsys io
[    1.482190] Initializing cgroup subsys memory
[    1.482861] Initializing cgroup subsys devices
[    1.483532] Initializing cgroup subsys freezer
[    1.484205] Initializing cgroup subsys net_cls
[    1.484882] Initializing cgroup subsys perf_event
[    1.487996] Initializing cgroup subsys net_prio
[    1.489767] Initializing cgroup subsys hugetlb
[    1.490497] Initializing cgroup subsys pids
[    1.492222] mce: CPU supports 0 MCE banks
[    1.492867] process: using mwait in idle threads
[    1.495182] Last level iTLB entries: 4KB 64, 2MB 8, 4MB 8
[    1.495974] Last level dTLB entries: 4KB 64, 2MB 0, 4MB 0, 1GB 4
[    1.619334] Spectre V2 : Mitigation: Full generic retpoline
[    1.740892] Spectre V2 : Speculation control IBPB not-supported IBRS not-supported
[    1.946817] Spectre V2 : Filling RSB on context switch
[    2.099038] Speculative Store Bypass: Vulnerable
[    2.157396] Freeing SMP alternatives memory: 32K
[    2.263735] ftrace: allocating 32266 entries in 127 pages
[    2.436097] smpboot: APIC(0) Converting physical 0 to logical package 0
[    2.543021] smpboot: Max logical packages: 1
[    2.581093] x2apic enabled
[    2.610471] Switched APIC routing to physical x2apic.
[    2.616288] ..TIMER: vector=0x30 apic1=0 pin1=2 apic2=-1 pin2=-1
[    2.825253] smpboot: CPU0: Intel(R) Core(TM) i7-7500U CPU @ 2.70GHz (family: 0x6, model: 0x8e, stepping: 0x9)
[    2.983077] Performance Events: unsupported p6 CPU model 142 no PMU driver, software events only.
[    3.134581] KVM setup paravirtual spinlock
[    3.144676] x86: Booted up 1 node, 1 CPUs
[    3.154432] smpboot: Total of 1 processors activated (5807.99 BogoMIPS)
[    3.156263] devtmpfs: initialized
[    3.159455] evm: security.selinux
[    3.162760] evm: security.SMACK64
[    3.163318] evm: security.SMACK64EXEC
[    3.163918] evm: security.SMACK64TRANSMUTE
[    3.164744] evm: security.SMACK64MMAP
[    3.165356] evm: security.ima
[    3.165873] evm: security.capability
[    3.166564] clocksource: jiffies: mask: 0xffffffff max_cycles: 0xffffffff, max_idle_ns: 7645041785100000 ns
[    3.167964] futex hash table entries: 256 (order: 2, 16384 bytes)
[    3.168907] pinctrl core: initialized pinctrl subsystem
[    3.171742] RTC time: 17:04:39, date: 09/04/18
[    3.172547] NET: Registered protocol family 16
[    3.173363] cpuidle: using governor ladder
[    3.175525] cpuidle: using governor menu
[    3.176162] PCCT header not found.
[    3.176774] ACPI: bus type PCI registered
[    3.208585] acpiphp: ACPI Hot Plug PCI Controller Driver version: 0.5
[    3.301654] PCI: Using configuration type 1 for base access
[    3.398931] ACPI: Added _OSI(Module Device)
[    3.439006] ACPI: Added _OSI(Processor Device)
[    3.459244] ACPI: Added _OSI(3.0 _SCP Extensions)
[    3.530414] ACPI: Added _OSI(Processor Aggregator Device)
[    3.555230] ACPI: Executed 1 blocks of module-level executable AML code
[    3.563046] ACPI: Interpreter enabled
[    3.570837] ACPI: (supports S0 S5)
[    3.591237] ACPI: Using IOAPIC for interrupt routing
[    3.612333] PCI: Using host bridge windows from ACPI; if necessary, use "pci=nocrs" and report a bug
[    3.617264] ACPI: PCI Root Bridge [PCI0] (domain 0000 [bus 00-ff])
[    3.629325] acpi PNP0A03:00: _OSC: OS supports [ASPM ClockPM Segments MSI]
[    3.660498] acpi PNP0A03:00: _OSC: not requesting OS control; OS requires [ExtendedConfig ASPM ClockPM MSI]
[    3.680775] acpi PNP0A03:00: fail to add MMCONFIG information, can't access extended PCI configuration space under this bridge.
[    3.684786] PCI host bridge to bus 0000:00
[    3.700006] pci_bus 0000:00: root bus resource [io  0x0000-0x0cf7 window]
[    3.705888] pci_bus 0000:00: root bus resource [io  0x0d00-0xffff window]
[    3.707149] pci_bus 0000:00: root bus resource [mem 0x000a0000-0x000bffff window]
[    3.730896] pci_bus 0000:00: root bus resource [mem 0x80000000-0xfdffffff window]
[    3.734903] pci_bus 0000:00: root bus resource [bus 00-ff]
[    3.737883] pci 0000:00:01.1: legacy IDE quirk: reg 0x10: [io  0x01f0-0x01f7]
[    3.744476] pci 0000:00:01.1: legacy IDE quirk: reg 0x14: [io  0x03f6]
[    3.760726] pci 0000:00:01.1: legacy IDE quirk: reg 0x18: [io  0x0170-0x0177]
[    3.762045] pci 0000:00:01.1: legacy IDE quirk: reg 0x1c: [io  0x0376]
[    3.801761] pci 0000:00:07.0: quirk: [io  0x4000-0x403f] claimed by PIIX4 ACPI
[    3.819126] pci 0000:00:07.0: quirk: [io  0x4100-0x410f] claimed by PIIX4 SMB
[    3.839625] ACPI: PCI Interrupt Link [LNKA] (IRQs 5 9 10 *11)
[    3.880725] ACPI: PCI Interrupt Link [LNKB] (IRQs 5 9 *10 11)
[    3.900822] ACPI: PCI Interrupt Link [LNKC] (IRQs 5 *9 10 11)
[    3.951593] ACPI: PCI Interrupt Link [LNKD] (IRQs 5 9 10 *11)
[    3.953268] ACPI: Enabled 2 GPEs in block 00 to 07
[    3.954460] vgaarb: setting as boot device: PCI:0000:00:02.0
[    3.961827] vgaarb: device added: PCI:0000:00:02.0,decodes=io+mem,owns=io+mem,locks=none
[    3.963473] vgaarb: loaded
[    3.964153] vgaarb: bridge control possible 0000:00:02.0
[    3.965347] SCSI subsystem initialized
[    3.967397] ACPI: bus type USB registered
[    3.969303] usbcore: registered new interface driver usbfs
[    3.984654] usbcore: registered new interface driver hub
[    3.996706] usbcore: registered new device driver usb
[    4.009597] PCI: Using ACPI for IRQ routing
[    4.022965] NetLabel: Initializing
[    4.026077] NetLabel:  domain hash size = 128
[    4.050988] NetLabel:  protocols = UNLABELED CIPSOv4
[    4.109299] NetLabel:  unlabeled traffic allowed by default
[    4.125232] amd_nb: Cannot enumerate AMD northbridges
[    4.127493] clocksource: Switched to clocksource kvm-clock
[    4.136577] AppArmor: AppArmor Filesystem Enabled
[    4.142602] pnp: PnP ACPI init
[    4.159993] pnp: PnP ACPI: found 3 devices
[    4.170477] clocksource: acpi_pm: mask: 0xffffff max_cycles: 0xffffff, max_idle_ns: 2085701024 ns
[    4.193223] NET: Registered protocol family 2
[    4.217363] TCP established hash table entries: 16384 (order: 5, 131072 bytes)
[    4.220016] TCP bind hash table entries: 16384 (order: 6, 262144 bytes)
[    4.223445] TCP: Hash tables configured (established 16384 bind 16384)
[    4.253525] UDP hash table entries: 1024 (order: 3, 32768 bytes)
[    4.315150] UDP-Lite hash table entries: 1024 (order: 3, 32768 bytes)
[    4.325072] NET: Registered protocol family 1
[    4.327731] pci 0000:00:00.0: Limiting direct PCI/PCI transfers
[    4.328601] pci 0000:00:01.0: Activating ISA DMA hang workarounds
[    4.330266] Unpacking initramfs...
[    4.530024] Freeing initrd memory: 15360K
[    4.590456] platform rtc_cmos: registered platform RTC device (no PNP device found)
[    4.622020] Scanning for low memory corruption every 60 seconds
[    4.624920] audit: initializing netlink subsys (disabled)
[    4.646994] audit: type=2000 audit(1536080682.666:1): initialized
[    4.701551] Initialise system trusted keyring
[    4.736579] HugeTLB registered 2 MB page size, pre-allocated 0 pages
[    4.826359] zbud: loaded
[    4.870501] VFS: Disk quotas dquot_6.6.0
[    4.916586] VFS: Dquot-cache hash table entries: 512 (order 0, 4096 bytes)
[    4.999500] squashfs: version 4.0 (2009/01/31) Phillip Lougher
[    5.053066] fuse init (API version 7.23)
[    5.053802] Key type big_key registered
[    5.054435] Allocating IMA MOK and blacklist keyrings.
[    5.055304] Key type asymmetric registered
[    5.074943] Asymmetric key parser 'x509' registered
[    5.075709] Block layer SCSI generic (bsg) driver version 0.4 loaded (major 249)
[    5.081040] io scheduler noop registered
[    5.081672] io scheduler deadline registered (default)
[    5.082447] io scheduler cfq registered
[    5.087959] pci_hotplug: PCI Hot Plug PCI Core version: 0.5
[    5.093116] pciehp: PCI Express Hot Plug Controller Driver version: 0.4
[    5.094130] ACPI: AC Adapter [AC] (on-line)
[    5.098642] input: Power Button as /devices/LNXSYSTM:00/LNXPWRBN:00/input/input0
[    5.127231] ACPI: Power Button [PWRF]
[    5.185549] input: Sleep Button as /devices/LNXSYSTM:00/LNXSLPBN:00/input/input1
[    5.291111] ACPI: Sleep Button [SLPF]
[    5.343373] ACPI: Battery Slot [BAT0] (battery present)
[    5.396342] GHES: HEST is not enabled!
[    5.450090] Serial: 8250/16550 driver, 32 ports, IRQ sharing enabled
[    5.564238] 00:02: ttyS0 at I/O 0x3f8 (irq = 4, base_baud = 115200) is a 16550A
[    5.582166] Linux agpgart interface v0.103
[    5.658310] tsc: Refined TSC clocksource calibration: 2903.973 MHz
[    5.697519] clocksource: tsc: mask: 0xffffffffffffffff max_cycles: 0x29dbec3a915, max_idle_ns: 440795282447 ns
[    5.711654] loop: module loaded
[    5.734339] scsi host0: ata_piix
[    5.795558] scsi host1: ata_piix
[    5.850147] ata1: PATA max UDMA/33 cmd 0x1f0 ctl 0x3f6 bmdma 0xd000 irq 14
[    5.912749] ata2: PATA max UDMA/33 cmd 0x170 ctl 0x376 bmdma 0xd008 irq 15
[    6.051657] libphy: Fixed MDIO Bus: probed
[    6.126315] tun: Universal TUN/TAP device driver, 1.6
[    6.188834] tun: (C) 1999-2004 Max Krasnyansky <maxk@qualcomm.com>
[    6.197162] PPP generic driver version 2.4.2
[    6.199824] ehci_hcd: USB 2.0 'Enhanced' Host Controller (EHCI) Driver
[    6.200810] ehci-pci: EHCI PCI platform driver
[    6.203978] ehci-platform: EHCI generic platform driver
[    6.204799] ohci_hcd: USB 1.1 'Open' Host Controller (OHCI) Driver
[    6.205678] ohci-pci: OHCI PCI platform driver
[    6.208780] ohci-pci 0000:00:06.0: OHCI PCI host controller
[    6.209606] ohci-pci 0000:00:06.0: new USB bus registered, assigned bus number 1
[    6.210835] ohci-pci 0000:00:06.0: irq 22, io mem 0xf0804000
[    6.268510] usb usb1: New USB device found, idVendor=1d6b, idProduct=0001
[    6.368527] usb usb1: New USB device strings: Mfr=3, Product=2, SerialNumber=1
[    6.464971] usb usb1: Product: OHCI PCI host controller
[    6.589753] usb usb1: Manufacturer: Linux 4.4.0-134-generic ohci_hcd
[    6.597034] usb usb1: SerialNumber: 0000:00:06.0
[    6.601221] hub 1-0:1.0: USB hub found
[    6.602135] hub 1-0:1.0: 12 ports detected
[    6.652417] ohci-platform: OHCI generic platform driver
[    6.705927] uhci_hcd: USB Universal Host Controller Interface driver
[    6.710290] i8042: PNP: PS/2 Controller [PNP0303:PS2K,PNP0f03:PS2M] at 0x60,0x64 irq 1,12
[    6.752677] serio: i8042 KBD port at 0x60,0x64 irq 1
[    6.753422] serio: i8042 AUX port at 0x60,0x64 irq 12
[    6.754288] mousedev: PS/2 mouse device common for all mice
[    6.756549] input: AT Translated Set 2 keyboard as /devices/platform/i8042/serio0/input/input2
[    6.783331] rtc_cmos rtc_cmos: rtc core: registered rtc_cmos as rtc0
[    6.852676] rtc_cmos rtc_cmos: alarms up to one day, 114 bytes nvram
[    6.856857] i2c /dev entries driver
[    6.857497] device-mapper: uevent: version 1.0.3
[    6.858251] device-mapper: ioctl: 4.34.0-ioctl (2015-10-28) initialised: dm-devel@redhat.com
[    6.862795] ledtrig-cpu: registered to indicate activity on CPUs
[    6.863832] NET: Registered protocol family 10
[    6.864680] NET: Registered protocol family 17
[    6.865367] Key type dns_resolver registered
[    6.866174] registered taskstats version 1
[    6.868078] Loading compiled-in X.509 certificates
[    6.887182] Loaded X.509 cert 'Build time autogenerated kernel key: 4eb3d024ac16f76c1747ffd474694c84db21038b'
[    6.888640] zswap: loaded using pool lzo/zbud
[    6.890585] Key type trusted registered
[    6.931488] Key type encrypted registered
[    6.934700] AppArmor: AppArmor sha1 policy hashing enabled
[    6.939437] ima: No TPM chip found, activating TPM-bypass!
[    6.940264] ima: Allocated hash algorithm: sha1
[    6.940968] evm: HMAC attrs: 0x1
[    6.941699]   Magic number: 2:634:86
[    6.943936] rtc_cmos rtc_cmos: setting system clock to 2018-09-04 17:04:42 UTC (1536080682)
[    6.946725] BIOS EDD facility v0.16 2004-Jun-25, 0 devices found
[    6.947568] EDD information not available.
[    6.949162] Freeing unused kernel memory: 1516K
[    6.959579] Write protecting the kernel read-only data: 14336k
[    7.009971] Freeing unused kernel memory: 1672K
[    7.010807] Freeing unused kernel memory: 92K
Loading, please wait...
starting version[    7.019615] random: udevadm: uninitialized urandom read (16 bytes read, 3 bits of entropy available)
 229
[    7.025954] random: systemd-udevd: uninitialized urandom read (16 bytes read, 3 bits of entropy available)
[    7.033367] random: systemd-udevd: uninitialized urandom read (16 bytes read, 3 bits of entropy available)
[    7.038216] random: udevadm: uninitialized urandom read (16 bytes read, 3 bits of entropy available)
[    7.122775] random: systemd-udevd: uninitialized urandom read (16 bytes read, 3 bits of entropy available)
[    7.254160] random: udevadm: uninitialized urandom read (16 bytes read, 3 bits of entropy available)
[    7.431554] random: systemd-udevd: uninitialized urandom read (16 bytes read, 3 bits of entropy available)
[    7.457286] random: systemd-udevd: uninitialized urandom read (16 bytes read, 3 bits of entropy available)
[    7.460776] random: systemd-udevd: uninitialized urandom read (16 bytes read, 3 bits of entropy available)
[    7.462172] random: systemd-udevd: uninitialized urandom read (16 bytes read, 3 bits of entropy available)
[    7.511514] e1000: Intel(R) PRO/1000 Network Driver - version 7.3.21-k8-NAPI
[    7.636239] e1000: Copyright (c) 1999-2006 Intel Corporation.
[    7.657475] Fusion MPT base driver 3.04.20
[    7.669683] Copyright (c) 1999-2008 LSI Corporation
[    7.729425] AVX2 version of gcm_enc/dec engaged.
[    7.804138] AES CTR mode by8 optimization enabled
[    7.834133] Fusion MPT SPI Host driver 3.04.20
[    7.841311] mptbase: ioc0: Initiating bringup
[    7.904454] ioc0: LSI53C1030 A0: Capabilities={Initiator}
[    7.994200] input: ImExPS/2 Generic Explorer Mouse as /devices/platform/i8042/serio1/input/input4
[    8.427204] scsi host2: ioc0: LSI53C1030 A0, FwRev=00000000h, Ports=1, MaxQ=256, IRQ=20
[    8.669316] scsi 2:0:0:0: Direct-Access     VBOX     HARDDISK         1.0  PQ: 0 ANSI: 5
[    8.706285] scsi target2:0:0: Beginning Domain Validation
[    8.785593] scsi target2:0:0: Domain Validation skipping write tests
[    8.825480] scsi target2:0:0: Ending Domain Validation
[    8.874168] scsi target2:0:0: asynchronous
[    9.106228] scsi 2:0:1:0: Direct-Access     VBOX     HARDDISK         1.0  PQ: 0 ANSI: 5
[    9.257091] scsi target2:0:1: Beginning Domain Validation
[    9.452675] scsi target2:0:1: Domain Validation skipping write tests
[    9.581589] scsi target2:0:1: Ending Domain Validation
[    9.620360] e1000 0000:00:03.0 eth0: (PCI:33MHz:32-bit) 02:39:99:10:d1:5e
[    9.623082] e1000 0000:00:03.0 eth0: Intel(R) PRO/1000 Network Connection
[    9.624640] e1000 0000:00:03.0 enp0s3: renamed from eth0
[    9.626309] scsi target2:0:1: asynchronous
[    9.631451] sd 2:0:0:0: Attached scsi generic sg0 type 0
[    9.635645] sd 2:0:0:0: [sda] 20971520 512-byte logical blocks: (10.7 GB/10.0 GiB)
[    9.636978] sd 2:0:0:0: [sda] Write Protect is off
[    9.637754] sd 2:0:0:0: [sda] Incomplete mode parameter data
[    9.638562] sd 2:0:0:0: [sda] Assuming drive cache: write through
[    9.640327] sd 2:0:1:0: [sdb] 20480 512-byte logical blocks: (10.5 MB/10.0 MiB)
[    9.641529]  sda: sda1
[    9.642287] sd 2:0:1:0: Attached scsi generic sg1 type 0
[    9.643194] sd 2:0:1:0: [sdb] Write Protect is off
[    9.644025] sd 2:0:0:0: [sda] Attached SCSI disk
[    9.644813] sd 2:0:1:0: [sdb] Incomplete mode parameter data
[    9.645635] sd 2:0:1:0: [sdb] Assuming drive cache: write through
[    9.648474] sd 2:0:1:0: [sdb] Attached SCSI disk
Begin: Loading e[   11.004110] md: linear personality registered for level -1
ssential drivers ... [   11.062093] md: multipath personality registered for level -4
[   11.067185] md: raid0 personality registered for level 0
[   11.130567] md: raid1 personality registered for level 1
[   11.215992] raid6: sse2x1   gen() 11989 MB/s
[   11.287737] raid6: sse2x1   xor()  6882 MB/s
[   11.375552] raid6: sse2x2   gen() 12891 MB/s
[   11.527807] raid6: sse2x2   xor() 10068 MB/s
[   11.623967] raid6: sse2x4   gen() 16904 MB/s
[   11.739632] raid6: sse2x4   xor() 10925 MB/s
[   11.891848] raid6: avx2x1   gen() 23984 MB/s
[   11.991525] raid6: avx2x2   gen() 25197 MB/s
[   12.103672] raid6: avx2x4   gen() 29929 MB/s
[   12.187430] raid6: using algorithm avx2x4 gen() 29929 MB/s
[   12.248917] raid6: using avx2x2 recovery algorithm
[   12.305186] xor: automatically using best checksumming function:
[   12.431579]    avx       : 28546.000 MB/sec
[   12.478885] async_tx: api initialized (async)
[   12.527982] md: raid6 personality registered for level 6
[   12.535358] md: raid5 personality registered for level 5
[   12.536147] md: raid4 personality registered for level 4
[   12.541351] md: raid10 personality registered for level 10
done.
Begin: Running /scripts/init-premount ... done.
Begin: Mounting root file system ... Begin: Running /scripts/local-top ... done.
Begin: Running /scripts/local-premount ... [   12.570523] Btrfs loaded
Scanning for Btrfs filesystems
done.
Warning: fsck not present, so sk[   12.627663] EXT4-fs (sda1): mounted filesystem with ordered data mode. Opts: (null)
ipping root file system
done.
Begin: Running /scripts/local-bottom ... done.
Begin: Running /scripts/init-bottom ... done.
[   12.930027] systemd[1]: systemd 229 running in system mode. (+PAM +AUDIT +SELINUX +IMA +APPARMOR +SMACK +SYSVINIT +UTMP +LIBCRYPTSETUP +GCRYPT +GNUTLS +ACL +XZ -LZ4 +SECCOMP +BLKID +ELFUTILS +KMOD -IDN)
[   13.087756] systemd[1]: Detected virtualization oracle.
[   13.090800] systemd[1]: Detected architecture x86-64.

Welcome to [1mUbuntu 16.04.5 LTS[0m!

[   13.136613] systemd[1]: Set hostname to <ubuntu-xenial>.
[   13.392410] random: nonblocking pool is initialized
[   13.514358] systemd[1]: Started Forward Password Requests to Wall Directory Watch.
[[0;32m  OK  [0m] Started Forward Password Requests to Wall Directory Watch.
[   13.569625] systemd[1]: Listening on LVM2 poll daemon socket.
[[0;32m  OK  [0m] Listening on LVM2 poll daemon socket.
[   13.572346] systemd[1]: Listening on Journal Socket.
[[0;32m  OK  [0m] Listening on Journal Socket.
[   13.575189] systemd[1]: Listening on Journal Socket (/dev/log).
[[0;32m  OK  [0m] Listening on Journal Socket (/dev/log).
[   13.577108] systemd[1]: Reached target Swap.
[[0;32m  OK  [0m] Reached target Swap.
[   13.578696] systemd[1]: Listening on /dev/initctl Compatibility Named Pipe.
[[0;32m  OK  [0m] Listening on /dev/initctl Compatibility Named Pipe.
[   13.580991] systemd[1]: Created slice User and Session Slice.
[[0;32m  OK  [0m] Created slice User and Session Slice.
[   13.625179] systemd[1]: Listening on udev Kernel Socket.
[[0;32m  OK  [0m] Listening on udev Kernel Socket.
[   13.772096] systemd[1]: Listening on Device-mapper event daemon FIFOs.
[[0;32m  OK  [0m] Listening on Device-mapper event daemon FIFOs.
[   13.964264] systemd[1]: Reached target Encrypted Volumes.
[[0;32m  OK  [0m] Reached target Encrypted Volumes.
[   14.092614] systemd[1]: Listening on LVM2 metadata daemon socket.
[[0;32m  OK  [0m] Listening on LVM2 metadata daemon socket.
[   14.348556] systemd[1]: Listening on Journal Audit Socket.
[[0;32m  OK  [0m] Listening on Journal Audit Socket.
[   14.551903] systemd[1]: Started Trigger resolvconf update for networkd DNS.
[[0;32m  OK  [0m] Started Trigger resolvconf update for networkd DNS.
[   14.680822] systemd[1]: Created slice System Slice.
[[0;32m  OK  [0m] Created slice System Slice.
[   14.837134] systemd[1]: Mounting POSIX Message Queue File System...
         Mounting POSIX Message Queue File System...
[   14.940687] systemd[1]: Reached target Slices.
[[0;32m  OK  [0m] Reached target Slices.
[   14.985575] systemd[1]: Mounting Debug File System...
         Mounting Debug File System...
[   15.125395] systemd[1]: Created slice system-serial\x2dgetty.slice.
[[0;32m  OK  [0m] Created slice system-serial\x2dgetty.slice.
[   15.233961] systemd[1]: Starting Create list of required static device nodes for the current kernel...
         Starting Create list of required st... nodes for the current kernel...
[   15.610296] systemd[1]: Starting Remount Root and Kernel File Systems...
         [   15.695097] EXT4-fs (sda1): re-mounted. Opts: (null)
Starting Remount Root and Kernel File Systems...
[   15.896490] systemd[1]: Reached target System Time Synchronized.
[[0;32m  OK  [0m] Reached target System Time Synchronized.
[   15.988637] systemd[1]: Set up automount Arbitrary Executable File Formats File System Automount Point.
[[0;32m  OK  [0m] Set up automount Arbitrary Executab...ats File System Automount Point.
[   16.275816] systemd[1]: Mounting Huge Pages File System...
         Mounting Huge Pages File System...
[   16.457789] systemd[1]: Reached target User and Group Name Lookups.
[[0;32m  OK  [0m] Reached target User and Group Name Lookups.
[   16.604376] systemd[1]: Starting Uncomplicated firewall...
         Starting Uncomplicated firewall...
[   16.753982] systemd[1]: Starting Nameserver information manager...
         Starting Nameserver information manager...
[   16.981368] systemd[1]: Starting Monitoring of LVM2 mirrors, snapshots etc. using dmeventd or progress polling...
         Starting Monitoring of LVM2 mirrors... dmeventd or progress polling...
[   17.201077] systemd[1]: Starting Load Kernel Modules...
         [   17.210763] Loading iSCSI transport class v2.0-870.
Starting Load Ke[   17.224598] iscsi: registered transport (tcp)
rnel Modules...
[   17.240928] systemd[1]: Listening on udev Control Socket.
[[0;32m  OK  [0m] Listening on udev Control Socket.
[   17.252170] systemd[1]: Listening on Syslog Socket.
[[0;32m  OK  [0m] Listening on Syslog Socket.
[   17.267751] systemd[1]: Starting Journal Service...
         [   17.276228] iscsi: registered transport (iser)
Starting Journal Service...
[   17.281822] systemd[1]: Starting Set console keymap...
         Starting Set console keymap...
[   17.301020] systemd[1]: Mounted Debug File System.
[[0;32m  OK  [0m] Mounted Debug File System.
[   17.436044] systemd[1]: Mounted POSIX Message Queue File System.
[[0;32m  OK  [0m] Mounted POSIX Message Queue File System.
[   17.570989] systemd[1]: Mounted Huge Pages File System.
[[0;32m  OK  [0m] Mounted Huge Pages File System.
[   17.625095] systemd[1]: Started Journal Service.
[[0;32m  OK  [0m] Started Journal Service.
[[0;32m  OK  [0m] Started Create list of required sta...ce nodes for the current kernel.
[[0;32m  OK  [0m] Started Remount Root and Kernel File Systems.
[[0;32m  OK  [0m] Started Uncomplicated firewall.
[[0;32m  OK  [0m] Started Load Kernel Modules.
[[0;32m  OK  [0m] Started Set console keymap.
[[0;32m  OK  [0m] Started Nameserver information manager.
[[0;32m  OK  [0m] Started LVM2 metadata daemon.
         Mounting FUSE Control File System...
         Starting Apply Kernel Variables...
         Starting Load/Save Random Seed...
         Starting udev Coldplug all Devices...
         Starting Create Static Device Nodes in /dev...
         Starting Flush Journal to Persistent Storage...
[[0;32m  OK  [0m] Mounted FUSE Control File System.
[[0;32m  OK  [0m] Started Apply Kernel Variables.
[[0;32m  OK  [0m] Started Load/Save Random Seed.
[[0;32m  OK  [0m] Started Create Static Device Nodes in /dev.
[[0;32m  OK  [0m] Started Monitoring of LVM2 mirrors,...ng dmeventd or progress polling.
[[0;32m  OK  [0m] Started udev Coldplug all Devices.
[[0;32m  OK  [0m] Started Flush Journal to Persistent Storage.
         Starting udev Kernel Device Manager...
[[0;32m  OK  [0m] Started udev Kernel Device Manager.
[[0;32m  OK  [0m] Started Dispatch Password Requests to Console Directory Watch.
[[0;32m  OK  [0m] Reached target Local File Systems (Pre).
[[0;32m  OK  [0m] Reached target Local File Systems.
         Starting LSB: AppArmor initialization...
         Starting Create Volatile Files and Directories...
         Starting Initial cloud-init job (pre-networking)...
         Starting Tell Plymouth To Write Out Runtime Data...
         Starting Set console font and keymap...
[[0;32m  OK  [0m] Started Create Volatile Files and Directories.
[[0;32m  OK  [0m] Started Tell Plymouth To Write Out Runtime Data.
[[0;32m  OK  [0m] Found device /dev/ttyS0.
[[0;32m  OK  [0m] Listening on Load/Save RF Kill Switch Status /dev/rfkill Watch.
         Starting Update UTMP about System Boot/Shutdown...
[[0;32m  OK  [0m] Started LSB: AppArmor initialization.
[[0;32m  OK  [0m] Started Update UTMP about System Boot/Shutdown.
[[0;32m  OK  [0m] Found device 82540EM Gigabit Ethern...r (PRO/1000 MT Desktop Adapter).
[[0;32m  OK  [0m] Started Initial cloud-init job (pre-networking).
[[0;32m  OK  [0m] Reached target Network (Pre).
         Starting Raise network interfaces...
[[0;32m  OK  [0m] Started ifup for enp0s3.
[   16.635722] cloud-init[515]: Cloud-init v. 18.3-9-g2e62cb8a-0ubuntu1~16.04.2 running 'init-local' at Tue, 04 Sep 2018 17:04:55 +0000. Up 16.30 seconds.
[[0;32m  OK  [0m] Started Set console font and keymap.
[[0;32m  OK  [0m] Created slice system-getty.slice.
[[0;32m  OK  [0m] Started Raise network interfaces.
[[0;32m  OK  [0m] Reached target Network.
         Starting Initial cloud-init job (metadata service crawler)...
[   17.619086] cloud-init[974]: Cloud-init v. 18.3-9-g2e62cb8a-0ubuntu1~16.04.2 running 'init' at Tue, 04 Sep 2018 17:04:56 +0000. Up 17.39 seconds.
[   17.653943] cloud-init[974]: ci-info: ++++++++++++++++++++++++++++++++++++++Net device info++++++++++++++++++++++++++++++++++++++
[[   17.680177] cloud-init[974]: ci-info: +--------+------+----------------------------+---------------+--------+-------------------+
[   17.681849] cloud-init[974]: ci-info: | Device |  Up  |          Address           |      Mask     | Scope  |     Hw-Address    |
[   17.681990] cloud-init[974]: ci-info: +--------+------+----------------------------+---------------+--------+-------------------+
[   17.682126] cloud-init[974]: ci-info: | enp0s3 | True |         10.0.2.15          | 255.255.255.0 | global | 02:39:99:10:d1:5e |
[   17.682253] cloud-init[974]: ci-info: | enp0s3 | True | fe80::39:99ff:fe10:d15e/64 |       .       |  link  | 02:39:99:10:d1:5e |
[   17.682403] cloud-init[974]: ci-info: |   lo   | True |         127.0.0.1          |   255.0.0.0   |  host  |         .         |
[   17.682509] cloud-init[974]: ci-info: |   lo   | True |          ::1/128           |       .       |  host  |         .         |
[   17.682592] cloud-init[974]: ci-info: +--------+------+----------------------------+---------------+--------+-------------------+
[   17.682672] cloud-init[974]: ci-info: +++++++++++++++++++++++++++Route IPv4 info++++++++++++++++++++++++++++
[   17.682768] cloud-init[974]: ci-info: +-------+-------------+----------+---------------+-----------+-------+
[   17.682856] cloud-init[974]: ci-info: | Route | Destination | Gateway  |    Genmask    | Interface | Flags |
[   17.682942] cloud-init[974]: ci-info: +-------+-------------+----------+---------------+-----------+-------+
[   17.683022] cloud-init[974]: ci-info: |   0   |   0.0.0.0   | 10.0.2.2 |    0.0.0.0    |   enp0s3  |   UG  |
[   17.683100] cloud-init[974]: ci-info: |   1   |   10.0.2.0  | 0.0.0.0  | 255.255.255.0 |   enp0s3  |   U   |
[   17.683178] cloud-init[974]: ci-info: +-------+-------------+----------+---------------+-----------+-------+
[   17.683256] cloud-init[974]: ci-info: +++++++++++++++++++Route IPv6 info+++++++++++++++++++
[   17.683458] cloud-init[974]: ci-info: +-------+-------------+---------+-----------+-------+
[   17.683596] cloud-init[974]: ci-info: | Route | Destination | Gateway | Interface | Flags |
[   17.683696] cloud-init[974]: ci-info: +-------+-------------+---------+-----------+-------+
[   17.683780] cloud-init[974]: ci-info: |   0   |  fe80::/64  |    ::   |   enp0s3  |   U   |
[   17.683869] cloud-init[974]: ci-info: |   3   |   ff00::/8  |    ::   |   enp0s3  |   U   |
[   17.683955] cloud-init[974]: ci-info: +-------+-------------+---------+-----------+-------+
[0;32m  OK  [0m] Started Initial cloud-init job (metadata service crawler).
[[0;32m  OK  [0m] Reached target System Initialization.
[[0;32m  OK  [0m] Listening on UUID daemon activation socket.
[[0;32m  OK  [0m] Listening on D-Bus System Message Bus Socket.
         Starting Socket activation for snappy daemon.
[0;32m  OK  [0m] Started Run certbot twice daily.
[[0;32m  OK  [0m] Started Daily Cleanup of Temporary Directories.
[[0;32m  OK  [0m] Started Daily apt download activities.
[[0;32m  OK  [0m] Started Daily apt upgrade and clean activities.
[[0;32m  OK  [0m] Reached target Timers.
         Starting LXD - unix socket.
[[0;32m  OK  [0m] Started ACPI Events Check.
[[0;32m  OK  [0m] Reached target Paths.
[[0;32m  OK  [0m] Listening on ACPID Listen Socket.
[[0;32m  OK  [0m] Reached target Cloud-config availability.
[[0;32m  OK  [0m] Reached target Network is Online.
         Starting iSCSI initiator daemon (iscsid)...
[[0;32m  OK  [0m] Listening on Socket activation for snappy daemon.
[[0;32m  OK  [0m] Listening on LXD - unix socket.
[[0;32m  OK  [0m] Started iSCSI initiator daemon (iscsid).
         Starting Login to default iSCSI targets...
[[0;32m  OK  [0m] Reached target Sockets.
[[0;32m  OK  [0m] Reached target Basic System.
         Starting LSB: Record successful boot for GRUB...
[[0;32m  OK  [0m] Started FUSE filesystem for LXC.
[[0;32m  OK  [0m] Started D-Bus System Message Bus.
         Starting Virtualbox guest utils...
         Starting LXD - container startup/shutdown...
         Starting LSB: MD monitoring daemon...
         Starting Login Service...
[[0;32m  OK  [0m] Started Regular background program processing daemon.
         Starting System Logging Service...
[[0;32m  OK  [0m] Started Deferred execution scheduler.
         Starting Accounts Service...
         Starting /etc/rc.local Compatibility...
         Starting MySQL Community Server...
         Starting OpenBSD Secure Shell server...
[[0;32m  OK  [0m] Started Unattended Upgrades Shutdown.
[[0;32m  OK  [0m] Started ACPI event daemon.
         Starting Snappy daemon...
[[0;32m  OK  [0m] Started System Logging Service.
[[0;32m  OK  [0m] Started OpenBSD Secure Shell server.
[[0;32m  OK  [0m] Started LXD - container startup/shutdown.
[[0;32m  OK  [0m] Started /etc/rc.local Compatibility.
[[0;32m  OK  [0m] Started Login to default iSCSI targets.
[[0;32m  OK  [0m] Started LSB: Record successful boot for GRUB.
[[0;32m  OK  [0m] Started LSB: MD monitoring daemon.
[[0;32m  OK  [0m] Started Virtualbox guest utils.
[[0;32m  OK  [0m] Started Snappy daemon.
[[0;32m  OK  [0m] Started Login Service.
         Starting Authenticate and Authorize Users to Run Privileged Tasks...
         Starting Wait until snapd is fully seeded...
[[0;32m  OK  [0m] Reached target Remote File Systems (Pre).
[[0;32m  OK  [0m] Reached target Remote File Systems.
         Starting LSB: Set the CPU Frequency Scaling governor to "ondemand"...
         Starting LSB: automatic crash report generation...
         Starting LSB: Apache2 web server...
         Starting LSB: daemon to balance interrupts for SMP systems...
         Starting Permit User Sessions...
[[0;32m  OK  [0m] Started Wait until snapd is fully seeded.
[[0;32m  OK  [0m] Started Permit User Sessions.
[[0;32m  OK  [0m] Started Authenticate and Authorize Users to Run Privileged Tasks.
[[0;32m  OK  [0m] Started Accounts Service.
[[0;32m  OK  [0m] Started LSB: Set the CPU Frequency Scaling governor to "ondemand".
[[0;32m  OK  [0m] Started LSB: automatic crash report generation.
         Starting Hold until boot process finishes up...
         Starting Terminate Plymouth Boot Screen...
         Starting Apply the settings specified in cloud-config...
[[0;32m  OK  [0m] Started LSB: daemon to balance interrupts for SMP systems.
[[0;32m  OK  [0m] Started Hold until boot process finishes up.
[[0;32m  OK  [0m] Started Terminate Plymouth Boot Screen.
         Starting Set console scheme...
[[0;32m  OK  [0m] Started Getty on tty1.
[[0;32m  OK  [0m] Started Serial Getty on ttyS0.
[[0;32m  OK  [0m] Reached target Login Prompts.
[[0;32m  OK  [0m] Started Set console scheme.
[[0;32m  OK  [0m] Started MySQL Community Server.
[   21.861584] cloud-init[1262]: Cloud-init v. 18.3-9-g2e62cb8a-0ubuntu1~16.04.2 running 'modules:config' at Tue, 04 Sep 2018 17:05:00 +0000. Up 21.71 seconds.
[[0;32m  OK  [0m] Started Apply the settings specified in cloud-config.
[[0;32m  OK  [0m] Started LSB: Apache2 web server.
[[0;32m  OK  [0m] Reached target Multi-User System.
         Starting Execute cloud user/final scripts...
[[0;32m  OK  [0m] Reached target Graphical Interface.
         Starting Update UTMP about System Runlevel Changes...
[[0;32m  OK  [0m] Started Update UTMP about System Runlevel Changes.
[[0;32m  OK  [0m] Created slice User Slice of vagrant.
         Starting User Manager for UID 1000...
[[0;32m  OK  [0m] Started User Manager for UID 1000.
[[0;32m  OK  [0m] Started Session 1 of user vagrant.
[   23.136001] cloud-init[1310]: Cloud-init v. 18.3-9-g2e62cb8a-0ubuntu1~16.04.2 running 'modules:final' at Tue, 04 Sep 2018 17:05:02 +0000. Up 22.99 seconds.
[   23.288635] cloud-init[1310]: Cloud-init v. 18.3-9-g2e62cb8a-0ubuntu1~16.04.2 finished at Tue, 04 Sep 2018 17:05:02 +0000. Datasource DataSourceNoCloud [seed=/dev/sdb][dsmode=net].  Up 23.13 seconds
[[0;32m  OK  [0m] Started Execute cloud user/final scripts.
[[0;32m  OK  [0m] Reached target Cloud-init target.
         Starting Daily apt download activities...
         Stopping User Manager for UID 1000...
[[0;32m  OK  [0m] Stopped User Manager for UID 1000.
[[0;32m  OK  [0m] Removed slice User Slice of vagrant.

Ubuntu 16.04.5 LTS ubuntu-xenial ttyS0

ubuntu-xenial login: 